---
source: eden/scm/lib/edenapi/types/src/wire/commit.rs
expression: "WireUploadHgChangesetsRequest::arbitrary(&mut g)"

---
{"1":[{"1":[153,99,23,163,249,201,2,105,213,103,113,0,93,84,10,25,24,73,57,201],"2":{"1":{"3":[[167,93,196,41,170,134,245,251,132,117,101,88,197,33,10,45,228,168,212,211],[180,32,123,235,13,65,144,114,162,44,199,121,201,238,28,16,111,102,225,114]]},"2":[200,105,189,95,143,13,180,196,50,0,85,27,228,148,120,249,135,154,96,184],"3":[3,3,1],"4":-4,"6":[{"1":[1,4]},{"1":[3],"2":[3,3,3]},{"1":[4,2,0,2],"2":[3,1]},{"2":[1]}],"7":["","mnn/itvn/pggls/bkwkpqr","","b/rqqhl/nsyeor/ar/prp/yu/mjdtw"]}},{"1":[122,202,177,203,173,137,86,58,68,147,204,24,72,177,251,134,39,215,124,170],"2":{"1":{"3":[[234,75,243,133,145,54,92,55,24,239,115,90,34,139,172,181,29,143,214,50],[197,141,234,247,199,151,242,135,182,25,97,51,113,227,163,71,3,219,223,92]]},"2":[145,18,226,201,232,60,13,248,173,9,110,176,177,226,153,110,144,96,208,66],"4":-5,"5":-5,"6":[{"1":[0,4,3],"2":[2,1,0]},{"1":[0,1],"2":[0,0,2]}],"7":["cavi/id/wwom/vg/odbu/tp","eqk/klvws/w/xcdmh/lq","umfvgb/drenltf"]}}],"2":[{"1":[215,84,220,249,241,166,137,55,239,16,47,167,12,222,19,166,108,229,252,24],"3":[[255,29,131,111,148,141,152,137,206,171,207,35,124,207,139,28,181,11,25,40],[73,176,4,44,144,244,86,140,183,226,5,148,252,119,228,61,134,110,181,223],[189,81,208,33,192,155,120,218,120,88,238,172,161,56,182,217,87,45,64,17]],"5":[3,1],"7":4,"8":[{"1":[3,4,3,3],"2":[2,1]},{"1":[0,1,1,1],"2":[0,0,1]}]},{"1":[89,242,23,188,87,121,63,162,79,194,119,26,165,43,133,62,22,37,42,74],"2":[[96,46,65,168,222,75,160,141,140,191,127,197,125,135,61,217,86,127,9,181],[140,110,177,151,147,235,134,189,211,117,74,201,27,221,68,112,180,71,16,97],[211,54,178,76,92,243,236,148,76,79,64,176,134,218,104,57,241,113,122,61]],"4":"\"","5":[0,1,3],"6":-3,"7":-1},{"1":[223,187,93,135,176,130,248,80,169,203,81,172,207,174,117,4,8,47,161,118],"3":[[67,160,230,248,52,243,78,11,110,117,102,179,48,23,69,227,44,152,119,221],[58,237,187,39,52,91,97,160,254,121,252,94,248,76,224,99,152,194,73,103]],"5":[0,0],"6":4,"8":[{"1":[1,0]},{"1":[1,0,3],"2":[4,4]},{"1":[0,2],"2":[3,2,1]}]},{"1":[21,165,170,34,33,112,34,159,36,94,5,22,158,221,90,30,108,82,178,194],"2":[[84,113,49,214,84,171,54,179,3,89,58,65,3,95,18,184,83,13,54,254],[61,78,15,191,94,251,21,25,35,164,247,140,60,201,244,216,70,133,205,132],[190,170,112,220,223,5,34,156,59,216,119,246,152,132,28,159,26,67,103,93]],"3":[[182,65,92,223,46,132,42,2,226,26,85,108,64,16,69,24,118,168,115,213],[11,109,64,111,99,106,40,214,109,4,238,121,39,227,205,221,212,112,62,65],[212,89,219,184,176,32,69,152,40,140,79,4,63,247,149,154,33,195,208,211]],"5":[1,3,4,2],"6":2,"7":-3}]}
